// Jest Snapshot v1, https://goo.gl/fbAQLP

exports[`will generate query 1`] = `
	delete from
	  \`foo\`
	where
	  \`foo\`.\`value\` = 'Hello World!'
`;

exports[`will include FROM statement where JOIN exists 1`] = `
	delete \`foo\`
	from
	  \`foo\`
	  inner join \`bar\` on \`bar\`.\`color\` = \`foo\`.\`color\`
	where
	  \`bar\`.\`value\` = 'Hello World!'
`;
