// Jest Snapshot v1, https://goo.gl/fbAQLP

exports[`will integrate query on select 1`] = `
	select
	  \`Baz\`.\`value\` as \`baz\`,
	  \`Foo\`.\`color\` as \`color\`
	from
	  \`Foo\`
	  join \`Bar\` on \`Bar\`.\`color\` = \`Foo\`.\`color\`
	  join \`Baz\` on \`Baz\`.\`rating\` = \`Bar\`.\`rating\`
`;
