// Jest Snapshot v1, https://goo.gl/fbAQLP

exports[`will join using function 1`] = `
	SELECT
	  COUNT(*)
	FROM
	  \`Foo\`
	  JOIN \`Bar\` ON \`Bar\`.\`name\` <> \`Foo\`.\`name\`
	  AND \`Bar\`.\`color\` = \`Foo\`.\`color\`
	WHERE
	  \`Foo\`.\`name\` <> 'Danny'
	  AND \`Bar\`.\`rating\` > 50
`;
