// Jest Snapshot v1, https://goo.gl/fbAQLP

exports[`will generate query 1`] = `
	UPDATE
	  \`Foo\`
	SET
	  \`value\` = "Updated!",
	  \`color\` = "blue"
	WHERE
	  \`Foo\`.\`color\` = 'red'
`;
