// Jest Snapshot v1, https://goo.gl/fbAQLP

exports[`will generate query 1`] = `
	update
	  \`Foo\`
	set
	  \`value\` = 'new!',
	  \`color\` = 'blue'
	where
	  \`Foo\`.\`color\` = 'red'
`;
